<?xml version="1.0" encoding="UTF-8"?>
<testsuites>
	<testsuite tests="107" failures="39" time="" name="test">
		<properties></properties>
		<testcase classname="test.postgres-operator" name="postgres-operator-74b9745bdc-8xg6v =&gt; Running" time=""></testcase>
		<testcase classname="test.postgres-operator-e2e" name="Cluster postgres-40d0d5 deployed" time=""></testcase>
		<testcase classname="test.postgres-operator-e2e" name="Cluster 40d0d5 deployed user" time=""></testcase>
		<testcase classname="test.postgres-operator-e2e" name="Cloned cluster postgres-40d0d5-clone successfully created" time=""></testcase>
	</testsuite>
</testsuites>